// Jest Snapshot v1, https://goo.gl/fbAQLP

exports[`Layout layout exist  1`] = `
<div
  className="roue-layout"
>
  <div
    className="roue-layout-header"
  >
    header
  </div>
  <div
    className="roue-layout-content"
  >
    content
  </div>
  <div
    className="roue-layout-footer"
  >
    footer
  </div>
</div>
`;
